
Allocating common symbols
Common symbol       size              file

stack               0x1000            entry.o

Memory Configuration

Name             Origin             Length             Attributes
*default*        0x0000000000000000 0xffffffffffffffff

Linker script and memory map

                0x0000000080100000                . = 0x80100000

.text           0x0000000080100000     0x7457 load address 0x0000000000100000
 *(.text .stub .text.* .gnu.linkonce.t.*)
 .text          0x0000000080100000       0x34 entry.o
                0x0000000080100000                multiboot_header
                0x000000008010000c                entry
                0x000000010010000c                _start
 *fill*         0x0000000080100034        0xc 
 .text          0x0000000080100040      0x23e bio.o
                0x0000000080100040                binit
                0x00000000801000d0                bread
                0x00000000801001b0                bwrite
                0x00000000801001f0                brelse
 *fill*         0x000000008010027e        0x2 
 .text          0x0000000080100280      0x823 console.o
                0x0000000080100280                consoleread
                0x0000000080100380                panic
                0x0000000080100590                consolewrite
                0x00000000801006a0                cprintf
                0x0000000080100880                consoleintr
                0x0000000080100a60                consoleinit
 *fill*         0x0000000080100aa3        0xd 
 .text          0x0000000080100ab0      0x36a exec.o
                0x0000000080100ab0                exec
 *fill*         0x0000000080100e1a        0x6 
 .text          0x0000000080100e20      0x3ab file.o
                0x0000000080100e20                fileinit
                0x0000000080100e40                filealloc
                0x0000000080100eb0                filedup
                0x0000000080100f00                fileclose
                0x0000000080100fe0                filestat
                0x0000000080101030                fileread
                0x00000000801010c0                filewrite
 *fill*         0x00000000801011cb        0x5 
 .text          0x00000000801011d0      0xf14 fs.o
                0x0000000080101530                readsb
                0x0000000080101570                iinit
                0x0000000080101620                ialloc
                0x00000000801016e0                iupdate
                0x0000000080101760                idup
                0x0000000080101790                ilock
                0x0000000080101870                iunlock
                0x00000000801018c0                iput
                0x0000000080101a20                iunlockput
                0x0000000080101a70                stati
                0x0000000080101aa0                readi
                0x0000000080101ba0                writei
                0x0000000080101cd0                namecmp
                0x0000000080101cf0                dirlookup
                0x0000000080101ff0                dirlink
                0x00000000801020b0                namei
                0x00000000801020d0                nameiparent
 *fill*         0x00000000801020e4        0xc 
 .text          0x00000000801020f0      0x2ee ide.o
                0x00000000801021d0                ideinit
                0x0000000080102250                ideintr
                0x00000000801022f0                iderw
 *fill*         0x00000000801023de        0x2 
 .text          0x00000000801023e0       0xe3 ioapic.o
                0x00000000801023e0                ioapicinit
                0x0000000080102490                ioapicenable
 *fill*         0x00000000801024c3        0xd 
 .text          0x00000000801024d0      0x22e kalloc.o
                0x00000000801024d0                kfree
                0x0000000080102570                freerange
                0x00000000801025c0                kinit2
                0x0000000080102620                kinit1
                0x0000000080102690                kalloc
 *fill*         0x00000000801026fe        0x2 
 .text          0x0000000080102700       0xf5 kbd.o
                0x0000000080102700                kbdgetc
                0x00000000801027e0                kbdintr
 *fill*         0x00000000801027f5        0xb 
 .text          0x0000000080102800      0x3ca lapic.o
                0x0000000080102800                lapicinit
                0x0000000080102900                lapicid
                0x0000000080102920                lapiceoi
                0x0000000080102940                microdelay
                0x0000000080102950                lapicstartap
                0x00000000801029e0                cmostime
 *fill*         0x0000000080102bca        0x6 
 .text          0x0000000080102bd0      0x438 log.o
                0x0000000080102cd0                initlog
                0x0000000080102d70                begin_op
                0x0000000080102de0                end_op
                0x0000000080102f50                log_write
 *fill*         0x0000000080103008        0x8 
 .text          0x0000000080103010       0x5a main.o
 *fill*         0x000000008010306a        0x6 
 .text.startup  0x0000000080103070      0x12c main.o
                0x0000000080103070                main
 *fill*         0x000000008010319c        0x4 
 .text          0x00000000801031a0      0x272 mp.o
                0x0000000080103220                mpinit
 *fill*         0x0000000080103412        0xe 
 .text          0x0000000080103420       0x12 picirq.o
                0x0000000080103420                picinit
 *fill*         0x0000000080103432        0xe 
 .text          0x0000000080103440      0x37b pipe.o
                0x0000000080103440                pipealloc
                0x0000000080103540                pipeclose
                0x00000000801035e0                pipewrite
                0x00000000801036e0                piperead
 *fill*         0x00000000801037bb        0x5 
 .text          0x00000000801037c0      0xb20 proc.o
                0x00000000801038a0                forkret
                0x00000000801038f0                pinit
                0x0000000080103910                mycpu
                0x0000000080103970                cpuid
                0x0000000080103990                myproc
                0x00000000801039c0                userinit
                0x0000000080103ac0                growproc
                0x0000000080103b40                fork
                0x0000000080103c70                scheduler
                0x0000000080103d10                sched
                0x0000000080103dd0                exit
                0x0000000080103f00                wait
                0x0000000080104030                yield
                0x0000000080104080                sleep
                0x0000000080104140                wakeup
                0x00000000801041a0                kill
                0x0000000080104220                procdump
 .text          0x00000000801042e0      0x12d sleeplock.o
                0x00000000801042e0                initsleeplock
                0x0000000080104320                acquiresleep
                0x0000000080104380                releasesleep
                0x00000000801043c0                holdingsleep
 *fill*         0x000000008010440d        0x3 
 .text          0x0000000080104410      0x28a spinlock.o
                0x0000000080104410                initlock
                0x0000000080104430                getcallerpcs
                0x0000000080104490                pushcli
                0x00000000801044e0                popcli
                0x0000000080104540                holding
                0x0000000080104580                release
                0x00000000801045e0                acquire
 *fill*         0x000000008010469a        0x6 
 .text          0x00000000801046a0      0x21b string.o
                0x00000000801046a0                memset
                0x00000000801046f0                memcmp
                0x0000000080104740                memmove
                0x00000000801047a0                memcpy
                0x00000000801047b0                strncmp
                0x0000000080104800                strncpy
                0x0000000080104860                safestrcpy
                0x00000000801048a0                strlen
 .text          0x00000000801048bb       0x15 swtch.o
                0x00000000801048bb                swtch
 .text          0x00000000801048d0      0x254 syscall.o
                0x00000000801048d0                fetchint
                0x0000000080104920                fetchstr
                0x0000000080104980                argint
                0x00000000801049d0                argptr
                0x0000000080104a30                argstr
                0x0000000080104ac0                syscall
 *fill*         0x0000000080104b24        0xc 
 .text          0x0000000080104b30      0xba9 sysfile.o
                0x0000000080104cd0                sys_dup
                0x0000000080104d50                sys_read
                0x0000000080104dd0                sys_write
                0x0000000080104e50                sys_close
                0x0000000080104eb0                sys_fstat
                0x0000000080104f20                sys_link
                0x0000000080105070                sys_unlink
                0x0000000080105250                sys_open
                0x0000000080105390                sys_mkdir
                0x00000000801053f0                sys_mknod
                0x0000000080105480                sys_chdir
                0x0000000080105530                sys_exec
                0x0000000080105620                sys_pipe
 *fill*         0x00000000801056d9        0x7 
 .text          0x00000000801056e0      0x287 sysproc.o
                0x00000000801056e0                sys_fork
                0x00000000801056f0                sys_exit
                0x0000000080105700                sys_wait
                0x0000000080105710                sys_kill
                0x0000000080105750                sys_getpid
                0x0000000080105760                sys_sbrk
                0x00000000801057b0                sys_sleep
                0x0000000080105860                sys_uptime
                0x0000000080105890                sys_mprotect
                0x0000000080105900                sys_munprotect
 .text          0x0000000080105967       0x23 trapasm.o
                0x0000000080105967                alltraps
                0x000000008010597f                trapret
 *fill*         0x000000008010598a        0x6 
 .text          0x0000000080105990      0x33a trap.o
                0x0000000080105990                tvinit
                0x0000000080105a10                idtinit
                0x0000000080105a40                trap
 *fill*         0x0000000080105cca        0x6 
 .text          0x0000000080105cd0      0x1a5 uart.o
                0x0000000080105d00                uartinit
                0x0000000080105e00                uartputc
                0x0000000080105e60                uartintr
 .text          0x0000000080105e75      0xa72 vectors.o
                0x0000000080105e75                vector0
                0x0000000080105e7e                vector1
                0x0000000080105e87                vector2
                0x0000000080105e90                vector3
                0x0000000080105e99                vector4
                0x0000000080105ea2                vector5
                0x0000000080105eab                vector6
                0x0000000080105eb4                vector7
                0x0000000080105ebd                vector8
                0x0000000080105ec4                vector9
                0x0000000080105ecd                vector10
                0x0000000080105ed4                vector11
                0x0000000080105edb                vector12
                0x0000000080105ee2                vector13
                0x0000000080105ee9                vector14
                0x0000000080105ef0                vector15
                0x0000000080105ef9                vector16
                0x0000000080105f02                vector17
                0x0000000080105f09                vector18
                0x0000000080105f12                vector19
                0x0000000080105f1b                vector20
                0x0000000080105f24                vector21
                0x0000000080105f2d                vector22
                0x0000000080105f36                vector23
                0x0000000080105f3f                vector24
                0x0000000080105f48                vector25
                0x0000000080105f51                vector26
                0x0000000080105f5a                vector27
                0x0000000080105f63                vector28
                0x0000000080105f6c                vector29
                0x0000000080105f75                vector30
                0x0000000080105f7e                vector31
                0x0000000080105f87                vector32
                0x0000000080105f90                vector33
                0x0000000080105f99                vector34
                0x0000000080105fa2                vector35
                0x0000000080105fab                vector36
                0x0000000080105fb4                vector37
                0x0000000080105fbd                vector38
                0x0000000080105fc6                vector39
                0x0000000080105fcf                vector40
                0x0000000080105fd8                vector41
                0x0000000080105fe1                vector42
                0x0000000080105fea                vector43
                0x0000000080105ff3                vector44
                0x0000000080105ffc                vector45
                0x0000000080106005                vector46
                0x000000008010600e                vector47
                0x0000000080106017                vector48
                0x0000000080106020                vector49
                0x0000000080106029                vector50
                0x0000000080106032                vector51
                0x000000008010603b                vector52
                0x0000000080106044                vector53
                0x000000008010604d                vector54
                0x0000000080106056                vector55
                0x000000008010605f                vector56
                0x0000000080106068                vector57
                0x0000000080106071                vector58
                0x000000008010607a                vector59
                0x0000000080106083                vector60
                0x000000008010608c                vector61
                0x0000000080106095                vector62
                0x000000008010609e                vector63
                0x00000000801060a7                vector64
                0x00000000801060b0                vector65
                0x00000000801060b9                vector66
                0x00000000801060c2                vector67
                0x00000000801060cb                vector68
                0x00000000801060d4                vector69
                0x00000000801060dd                vector70
                0x00000000801060e6                vector71
                0x00000000801060ef                vector72
                0x00000000801060f8                vector73
                0x0000000080106101                vector74
                0x000000008010610a                vector75
                0x0000000080106113                vector76
                0x000000008010611c                vector77
                0x0000000080106125                vector78
                0x000000008010612e                vector79
                0x0000000080106137                vector80
                0x0000000080106140                vector81
                0x0000000080106149                vector82
                0x0000000080106152                vector83
                0x000000008010615b                vector84
                0x0000000080106164                vector85
                0x000000008010616d                vector86
                0x0000000080106176                vector87
                0x000000008010617f                vector88
                0x0000000080106188                vector89
                0x0000000080106191                vector90
                0x000000008010619a                vector91
                0x00000000801061a3                vector92
                0x00000000801061ac                vector93
                0x00000000801061b5                vector94
                0x00000000801061be                vector95
                0x00000000801061c7                vector96
                0x00000000801061d0                vector97
                0x00000000801061d9                vector98
                0x00000000801061e2                vector99
                0x00000000801061eb                vector100
                0x00000000801061f4                vector101
                0x00000000801061fd                vector102
                0x0000000080106206                vector103
                0x000000008010620f                vector104
                0x0000000080106218                vector105
                0x0000000080106221                vector106
                0x000000008010622a                vector107
                0x0000000080106233                vector108
                0x000000008010623c                vector109
                0x0000000080106245                vector110
                0x000000008010624e                vector111
                0x0000000080106257                vector112
                0x0000000080106260                vector113
                0x0000000080106269                vector114
                0x0000000080106272                vector115
                0x000000008010627b                vector116
                0x0000000080106284                vector117
                0x000000008010628d                vector118
                0x0000000080106296                vector119
                0x000000008010629f                vector120
                0x00000000801062a8                vector121
                0x00000000801062b1                vector122
                0x00000000801062ba                vector123
                0x00000000801062c3                vector124
                0x00000000801062cc                vector125
                0x00000000801062d5                vector126
                0x00000000801062de                vector127
                0x00000000801062e7                vector128
                0x00000000801062f3                vector129
                0x00000000801062ff                vector130
                0x000000008010630b                vector131
                0x0000000080106317                vector132
                0x0000000080106323                vector133
                0x000000008010632f                vector134
                0x000000008010633b                vector135
                0x0000000080106347                vector136
                0x0000000080106353                vector137
                0x000000008010635f                vector138
                0x000000008010636b                vector139
                0x0000000080106377                vector140
                0x0000000080106383                vector141
                0x000000008010638f                vector142
                0x000000008010639b                vector143
                0x00000000801063a7                vector144
                0x00000000801063b3                vector145
                0x00000000801063bf                vector146
                0x00000000801063cb                vector147
                0x00000000801063d7                vector148
                0x00000000801063e3                vector149
                0x00000000801063ef                vector150
                0x00000000801063fb                vector151
                0x0000000080106407                vector152
                0x0000000080106413                vector153
                0x000000008010641f                vector154
                0x000000008010642b                vector155
                0x0000000080106437                vector156
                0x0000000080106443                vector157
                0x000000008010644f                vector158
                0x000000008010645b                vector159
                0x0000000080106467                vector160
                0x0000000080106473                vector161
                0x000000008010647f                vector162
                0x000000008010648b                vector163
                0x0000000080106497                vector164
                0x00000000801064a3                vector165
                0x00000000801064af                vector166
                0x00000000801064bb                vector167
                0x00000000801064c7                vector168
                0x00000000801064d3                vector169
                0x00000000801064df                vector170
                0x00000000801064eb                vector171
                0x00000000801064f7                vector172
                0x0000000080106503                vector173
                0x000000008010650f                vector174
                0x000000008010651b                vector175
                0x0000000080106527                vector176
                0x0000000080106533                vector177
                0x000000008010653f                vector178
                0x000000008010654b                vector179
                0x0000000080106557                vector180
                0x0000000080106563                vector181
                0x000000008010656f                vector182
                0x000000008010657b                vector183
                0x0000000080106587                vector184
                0x0000000080106593                vector185
                0x000000008010659f                vector186
                0x00000000801065ab                vector187
                0x00000000801065b7                vector188
                0x00000000801065c3                vector189
                0x00000000801065cf                vector190
                0x00000000801065db                vector191
                0x00000000801065e7                vector192
                0x00000000801065f3                vector193
                0x00000000801065ff                vector194
                0x000000008010660b                vector195
                0x0000000080106617                vector196
                0x0000000080106623                vector197
                0x000000008010662f                vector198
                0x000000008010663b                vector199
                0x0000000080106647                vector200
                0x0000000080106653                vector201
                0x000000008010665f                vector202
                0x000000008010666b                vector203
                0x0000000080106677                vector204
                0x0000000080106683                vector205
                0x000000008010668f                vector206
                0x000000008010669b                vector207
                0x00000000801066a7                vector208
                0x00000000801066b3                vector209
                0x00000000801066bf                vector210
                0x00000000801066cb                vector211
                0x00000000801066d7                vector212
                0x00000000801066e3                vector213
                0x00000000801066ef                vector214
                0x00000000801066fb                vector215
                0x0000000080106707                vector216
                0x0000000080106713                vector217
                0x000000008010671f                vector218
                0x000000008010672b                vector219
                0x0000000080106737                vector220
                0x0000000080106743                vector221
                0x000000008010674f                vector222
                0x000000008010675b                vector223
                0x0000000080106767                vector224
                0x0000000080106773                vector225
                0x000000008010677f                vector226
                0x000000008010678b                vector227
                0x0000000080106797                vector228
                0x00000000801067a3                vector229
                0x00000000801067af                vector230
                0x00000000801067bb                vector231
                0x00000000801067c7                vector232
                0x00000000801067d3                vector233
                0x00000000801067df                vector234
                0x00000000801067eb                vector235
                0x00000000801067f7                vector236
                0x0000000080106803                vector237
                0x000000008010680f                vector238
                0x000000008010681b                vector239
                0x0000000080106827                vector240
                0x0000000080106833                vector241
                0x000000008010683f                vector242
                0x000000008010684b                vector243
                0x0000000080106857                vector244
                0x0000000080106863                vector245
                0x000000008010686f                vector246
                0x000000008010687b                vector247
                0x0000000080106887                vector248
                0x0000000080106893                vector249
                0x000000008010689f                vector250
                0x00000000801068ab                vector251
                0x00000000801068b7                vector252
                0x00000000801068c3                vector253
                0x00000000801068cf                vector254
                0x00000000801068db                vector255
 *fill*         0x00000000801068e7        0x9 
 .text          0x00000000801068f0      0xb59 vm.o
                0x0000000080106a90                seginit
                0x0000000080106b20                switchkvm
                0x0000000080106b30                switchuvm
                0x0000000080106c40                inituvm
                0x0000000080106cc0                loaduvm
                0x0000000080106db0                allocuvm
                0x0000000080106ee0                deallocuvm
                0x0000000080106f10                freevm
                0x0000000080106f90                setupkvm
                0x0000000080107010                kvmalloc
                0x0000000080107030                clearpteu
                0x0000000080107080                copyuvm
                0x00000000801071b0                uva2ka
                0x0000000080107200                copyout
                0x00000000801072d0                mprotect
                0x0000000080107390                munprotect
 .text.unlikely
                0x0000000080107449        0xe vm.o
                [!provide]                        PROVIDE (etext = .)

.iplt           0x0000000080107457        0x0 load address 0x0000000000107457
 .iplt          0x0000000080107457        0x0 entry.o

.rodata         0x0000000080107460      0x9d3 load address 0x0000000000107460
 *(.rodata .rodata.* .gnu.linkonce.r.*)
 .rodata.str1.1
                0x0000000080107460       0x2d bio.o
 .rodata.str1.1
                0x000000008010748d       0x43 console.o
                                         0x45 (size before relaxing)
 .rodata        0x00000000801074d0       0x11 console.o
 .rodata.str1.1
                0x00000000801074e1        0xc exec.o
 .rodata.str1.1
                0x00000000801074ed       0x32 file.o
                                         0x3c (size before relaxing)
 .rodata.str1.1
                0x000000008010751f       0xb6 fs.o
                                         0xbe (size before relaxing)
 *fill*         0x00000000801075d5        0x3 
 .rodata.str1.4
                0x00000000801075d8       0x53 fs.o
 .rodata.str1.1
                0x000000008010762b       0x68 ide.o
 *fill*         0x0000000080107693        0x1 
 .rodata.str1.4
                0x0000000080107694       0x32 ioapic.o
 .rodata.str1.1
                0x00000000801076c6        0xb kalloc.o
 *fill*         0x00000000801076d1        0xf 
 .rodata        0x00000000801076e0      0x220 kbd.o
 .rodata.str1.1
                0x0000000080107900       0x44 log.o
 .rodata.str1.1
                0x0000000080107944       0x14 main.o
 .rodata.str1.1
                0x0000000080107958       0x22 mp.o
 *fill*         0x000000008010797a        0x2 
 .rodata.str1.4
                0x000000008010797c       0x1f mp.o
 .rodata.str1.1
                0x000000008010799b        0x5 pipe.o
 .rodata.str1.1
                0x00000000801079a0       0xe2 proc.o
                                         0xe8 (size before relaxing)
 *fill*         0x0000000080107a82        0x2 
 .rodata.str1.4
                0x0000000080107a84       0x26 proc.o
 *fill*         0x0000000080107aaa        0x2 
 .rodata        0x0000000080107aac       0x18 proc.o
 .rodata.str1.1
                0x0000000080107ac4        0xb sleeplock.o
 .rodata.str1.1
                0x0000000080107acf       0x2e spinlock.o
 .rodata.str1.1
                0x0000000080107afd       0x1c syscall.o
 *fill*         0x0000000080107b19        0x7 
 .rodata        0x0000000080107b20       0x60 syscall.o
 .rodata.str1.1
                0x0000000080107b80       0x61 sysfile.o
                                         0x63 (size before relaxing)
 .rodata.str1.1
                0x0000000080107be1        0xa trap.o
 *fill*         0x0000000080107beb        0x1 
 .rodata.str1.4
                0x0000000080107bec       0x9b trap.o
 *fill*         0x0000000080107c87        0x1 
 .rodata        0x0000000080107c88       0x80 trap.o
 .rodata.str1.1
                0x0000000080107d08        0x8 uart.o
 .rodata.str1.1
                0x0000000080107d10      0x100 vm.o
                                        0x106 (size before relaxing)
 .rodata.str1.4
                0x0000000080107e10       0x23 vm.o

.rel.dyn        0x0000000080107e34        0x0 load address 0x0000000000107e34
 .rel.got       0x0000000080107e34        0x0 entry.o
 .rel.iplt      0x0000000080107e34        0x0 entry.o
 .rel.text      0x0000000080107e34        0x0 entry.o
 .rel.text.startup
                0x0000000080107e34        0x0 entry.o
 .rel.data      0x0000000080107e34        0x0 entry.o

.stab           0x0000000080107e33        0x0
                [!provide]                        PROVIDE (__STAB_BEGIN__ = .)
 *(.stab)
                [!provide]                        PROVIDE (__STAB_END__ = .)

.stabstr        0x0000000080107e33        0x0
                [!provide]                        PROVIDE (__STABSTR_BEGIN__ = .)
 *(.stabstr)
                [!provide]                        PROVIDE (__STABSTR_END__ = .)
                0x0000000080108000                . = ALIGN (0x1000)
                0x0000000080108000                PROVIDE (data = .)

.data           0x0000000080108000     0x251a load address 0x0000000000108000
 *(.data)
 .data          0x0000000080108000        0x0 entry.o
 .data          0x0000000080108000        0x0 bio.o
 .data          0x0000000080108000        0x0 console.o
 .data          0x0000000080108000        0x0 exec.o
 .data          0x0000000080108000        0x0 file.o
 .data          0x0000000080108000        0x0 fs.o
 .data          0x0000000080108000        0x0 ide.o
 .data          0x0000000080108000        0x0 ioapic.o
 .data          0x0000000080108000        0x0 kalloc.o
 .data          0x0000000080108000      0x300 kbd.o
 .data          0x0000000080108300        0x0 lapic.o
 .data          0x0000000080108300        0x0 log.o
 *fill*         0x0000000080108300      0xd00 
 .data          0x0000000080109000     0x1000 main.o
                0x0000000080109000                entrypgdir
 .data          0x000000008010a000        0x0 mp.o
 .data          0x000000008010a000        0x0 picirq.o
 .data          0x000000008010a000        0x0 pipe.o
 .data          0x000000008010a000        0x8 proc.o
                0x000000008010a004                nextpid
 .data          0x000000008010a008        0x0 sleeplock.o
 .data          0x000000008010a008        0x0 spinlock.o
 .data          0x000000008010a008        0x0 string.o
 .data          0x000000008010a008        0x0 swtch.o
 .data          0x000000008010a008        0x0 syscall.o
 .data          0x000000008010a008        0x0 sysfile.o
 .data          0x000000008010a008        0x0 sysproc.o
 .data          0x000000008010a008        0x0 trapasm.o
 .data          0x000000008010a008        0x0 trap.o
 .data          0x000000008010a008        0x0 uart.o
 .data          0x000000008010a008      0x400 vectors.o
                0x000000008010a008                vectors
 *fill*         0x000000008010a408       0x18 
 .data          0x000000008010a420       0x40 vm.o
 .data          0x000000008010a460       0x30 initcode
                0x000000008010a460                _binary_initcode_start
                0x000000008010a490                _binary_initcode_end
 .data          0x000000008010a490       0x8a entryother
                0x000000008010a490                _binary_entryother_start
                0x000000008010a51a                _binary_entryother_end
                [!provide]                        PROVIDE (edata = .)

.got            0x000000008010a51c        0x0 load address 0x000000000010a51c
 .got           0x000000008010a51c        0x0 entry.o

.got.plt        0x000000008010a51c        0x0 load address 0x000000000010a51c
 .got.plt       0x000000008010a51c        0x0 entry.o

.igot.plt       0x000000008010a51c        0x0 load address 0x000000000010a51c
 .igot.plt      0x000000008010a51c        0x0 entry.o

.bss            0x000000008010a520     0xb1b0 load address 0x000000000010a520
 *(.bss)
 .bss           0x000000008010a520        0x0 entry.o
 .bss           0x000000008010a520     0x4958 bio.o
                0x000000008010a520                bcache
 *fill*         0x000000008010ee78        0x8 
 .bss           0x000000008010ee80       0xdc console.o
                0x000000008010ee80                input
 .bss           0x000000008010ef5c        0x0 exec.o
 *fill*         0x000000008010ef5c        0x4 
 .bss           0x000000008010ef60      0x9f0 file.o
                0x000000008010ef60                ftable
                0x000000008010f900                devsw
 *fill*         0x000000008010f950       0x10 
 .bss           0x000000008010f960     0x1c70 fs.o
                0x000000008010f960                icache
                0x00000000801115b4                sb
 *fill*         0x00000000801115d0       0x10 
 .bss           0x00000000801115e0       0x54 ide.o
 .bss           0x0000000080111634        0x4 ioapic.o
                0x0000000080111634                ioapic
 *fill*         0x0000000080111638        0x8 
 .bss           0x0000000080111640       0x3c kalloc.o
                0x0000000080111640                kmem
 .bss           0x000000008011167c        0x4 kbd.o
 .bss           0x0000000080111680        0x4 lapic.o
                0x0000000080111680                lapic
 *fill*         0x0000000080111684       0x1c 
 .bss           0x00000000801116a0       0xc4 log.o
                0x00000000801116a0                log
 .bss           0x0000000080111764        0x0 main.o
 *fill*         0x0000000080111764       0x1c 
 .bss           0x0000000080111780      0x5a0 mp.o
                0x0000000080111780                ioapicid
                0x0000000080111784                ncpu
                0x00000000801117a0                cpus
 .bss           0x0000000080111d20        0x0 picirq.o
 .bss           0x0000000080111d20        0x0 pipe.o
 .bss           0x0000000080111d20     0x2138 proc.o
                0x0000000080111d20                ptable
 .bss           0x0000000080113e58        0x0 sleeplock.o
 .bss           0x0000000080113e58        0x0 spinlock.o
 .bss           0x0000000080113e58        0x0 string.o
 .bss           0x0000000080113e58        0x0 swtch.o
 .bss           0x0000000080113e58        0x0 syscall.o
 .bss           0x0000000080113e58        0x0 sysfile.o
 .bss           0x0000000080113e58        0x0 sysproc.o
 .bss           0x0000000080113e58        0x0 trapasm.o
 *fill*         0x0000000080113e58        0x8 
 .bss           0x0000000080113e60      0x860 trap.o
                0x0000000080113e60                ticks
                0x0000000080113e80                tickslock
                0x0000000080113ec0                idt
 .bss           0x00000000801146c0        0x4 uart.o
 .bss           0x00000000801146c4        0x0 vectors.o
 .bss           0x00000000801146c4        0x4 vm.o
                0x00000000801146c4                kpgdir
 *fill*         0x00000000801146c8        0x8 
 COMMON         0x00000000801146d0     0x1000 entry.o
                0x00000000801146d0                stack
                0x00000000801156d0                PROVIDE (end = .)

/DISCARD/
 *(.eh_frame .note.GNU-stack)
LOAD entry.o
LOAD bio.o
LOAD console.o
LOAD exec.o
LOAD file.o
LOAD fs.o
LOAD ide.o
LOAD ioapic.o
LOAD kalloc.o
LOAD kbd.o
LOAD lapic.o
LOAD log.o
LOAD main.o
LOAD mp.o
LOAD picirq.o
LOAD pipe.o
LOAD proc.o
LOAD sleeplock.o
LOAD spinlock.o
LOAD string.o
LOAD swtch.o
LOAD syscall.o
LOAD sysfile.o
LOAD sysproc.o
LOAD trapasm.o
LOAD trap.o
LOAD uart.o
LOAD vectors.o
LOAD vm.o
TARGET(binary)
LOAD initcode
LOAD entryother
OUTPUT(kernel elf32-i386)

.debug_line     0x0000000000000000     0x6d98
 .debug_line    0x0000000000000000       0x41 entry.o
 .debug_line    0x0000000000000041      0x24a bio.o
 .debug_line    0x000000000000028b      0x879 console.o
 .debug_line    0x0000000000000b04      0x2c9 exec.o
 .debug_line    0x0000000000000dcd      0x2bb file.o
 .debug_line    0x0000000000001088      0xc7b fs.o
 .debug_line    0x0000000000001d03      0x3ed ide.o
 .debug_line    0x00000000000020f0      0x1de ioapic.o
 .debug_line    0x00000000000022ce      0x21c kalloc.o
 .debug_line    0x00000000000024ea      0x18f kbd.o
 .debug_line    0x0000000000002679      0x7cb lapic.o
 .debug_line    0x0000000000002e44      0x3bf log.o
 .debug_line    0x0000000000003203      0x143 main.o
 .debug_line    0x0000000000003346      0x2fc mp.o
 .debug_line    0x0000000000003642       0x75 picirq.o
 .debug_line    0x00000000000036b7      0x336 pipe.o
 .debug_line    0x00000000000039ed      0xa57 proc.o
 .debug_line    0x0000000000004444      0x139 sleeplock.o
 .debug_line    0x000000000000457d      0x39c spinlock.o
 .debug_line    0x0000000000004919      0x297 string.o
 .debug_line    0x0000000000004bb0       0x43 swtch.o
 .debug_line    0x0000000000004bf3      0x2e5 syscall.o
 .debug_line    0x0000000000004ed8      0x8ec sysfile.o
 .debug_line    0x00000000000057c4      0x211 sysproc.o
 .debug_line    0x00000000000059d5       0x48 trapasm.o
 .debug_line    0x0000000000005a1d      0x2a0 trap.o
 .debug_line    0x0000000000005cbd      0x271 uart.o
 .debug_line    0x0000000000005f2e      0x32f vectors.o
 .debug_line    0x000000000000625d      0xb3b vm.o

.debug_info     0x0000000000000000    0x112a6
 .debug_info    0x0000000000000000       0x26 entry.o
 .debug_info    0x0000000000000026      0x457 bio.o
 .debug_info    0x000000000000047d     0x1389 console.o
 .debug_info    0x0000000000001806      0x882 exec.o
 .debug_info    0x0000000000002088      0x751 file.o
 .debug_info    0x00000000000027d9     0x1cf6 fs.o
 .debug_info    0x00000000000044cf      0xe8c ide.o
 .debug_info    0x000000000000535b      0x298 ioapic.o
 .debug_info    0x00000000000055f3      0x3a1 kalloc.o
 .debug_info    0x0000000000005994      0x21c kbd.o
 .debug_info    0x0000000000005bb0      0xe65 lapic.o
 .debug_info    0x0000000000006a15      0x762 log.o
 .debug_info    0x0000000000007177      0xa42 main.o
 .debug_info    0x0000000000007bb9      0xda6 mp.o
 .debug_info    0x000000000000895f       0xe9 picirq.o
 .debug_info    0x0000000000008a48      0xa3d pipe.o
 .debug_info    0x0000000000009485     0x1560 proc.o
 .debug_info    0x000000000000a9e5      0x8a4 sleeplock.o
 .debug_info    0x000000000000b289      0xb43 spinlock.o
 .debug_info    0x000000000000bdcc      0x41f string.o
 .debug_info    0x000000000000c1eb       0x26 swtch.o
 .debug_info    0x000000000000c211      0x821 syscall.o
 .debug_info    0x000000000000ca32     0x17d2 sysfile.o
 .debug_info    0x000000000000e204      0x6cc sysproc.o
 .debug_info    0x000000000000e8d0       0x26 trapasm.o
 .debug_info    0x000000000000e8f6      0xb25 trap.o
 .debug_info    0x000000000000f41b      0x550 uart.o
 .debug_info    0x000000000000f96b       0x26 vectors.o
 .debug_info    0x000000000000f991     0x1915 vm.o

.debug_abbrev   0x0000000000000000     0x4510
 .debug_abbrev  0x0000000000000000       0x14 entry.o
 .debug_abbrev  0x0000000000000014      0x25f bio.o
 .debug_abbrev  0x0000000000000273      0x4de console.o
 .debug_abbrev  0x0000000000000751      0x1e6 exec.o
 .debug_abbrev  0x0000000000000937      0x250 file.o
 .debug_abbrev  0x0000000000000b87      0x5e9 fs.o
 .debug_abbrev  0x0000000000001170      0x310 ide.o
 .debug_abbrev  0x0000000000001480      0x1cf ioapic.o
 .debug_abbrev  0x000000000000164f      0x269 kalloc.o
 .debug_abbrev  0x00000000000018b8      0x174 kbd.o
 .debug_abbrev  0x0000000000001a2c      0x292 lapic.o
 .debug_abbrev  0x0000000000001cbe      0x294 log.o
 .debug_abbrev  0x0000000000001f52      0x2b3 main.o
 .debug_abbrev  0x0000000000002205      0x2c1 mp.o
 .debug_abbrev  0x00000000000024c6       0xa7 picirq.o
 .debug_abbrev  0x000000000000256d      0x237 pipe.o
 .debug_abbrev  0x00000000000027a4      0x4cf proc.o
 .debug_abbrev  0x0000000000002c73      0x1ea sleeplock.o
 .debug_abbrev  0x0000000000002e5d      0x2e4 spinlock.o
 .debug_abbrev  0x0000000000003141      0x145 string.o
 .debug_abbrev  0x0000000000003286       0x14 swtch.o
 .debug_abbrev  0x000000000000329a      0x2af syscall.o
 .debug_abbrev  0x0000000000003549      0x3a4 sysfile.o
 .debug_abbrev  0x00000000000038ed      0x1d2 sysproc.o
 .debug_abbrev  0x0000000000003abf       0x14 trapasm.o
 .debug_abbrev  0x0000000000003ad3      0x2b1 trap.o
 .debug_abbrev  0x0000000000003d84      0x1e9 uart.o
 .debug_abbrev  0x0000000000003f6d       0x14 vectors.o
 .debug_abbrev  0x0000000000003f81      0x58f vm.o

.debug_aranges  0x0000000000000000      0x3b0
 .debug_aranges
                0x0000000000000000       0x20 entry.o
 .debug_aranges
                0x0000000000000020       0x20 bio.o
 .debug_aranges
                0x0000000000000040       0x20 console.o
 .debug_aranges
                0x0000000000000060       0x20 exec.o
 .debug_aranges
                0x0000000000000080       0x20 file.o
 .debug_aranges
                0x00000000000000a0       0x20 fs.o
 .debug_aranges
                0x00000000000000c0       0x20 ide.o
 .debug_aranges
                0x00000000000000e0       0x20 ioapic.o
 .debug_aranges
                0x0000000000000100       0x20 kalloc.o
 .debug_aranges
                0x0000000000000120       0x20 kbd.o
 .debug_aranges
                0x0000000000000140       0x20 lapic.o
 .debug_aranges
                0x0000000000000160       0x20 log.o
 .debug_aranges
                0x0000000000000180       0x28 main.o
 .debug_aranges
                0x00000000000001a8       0x20 mp.o
 .debug_aranges
                0x00000000000001c8       0x20 picirq.o
 .debug_aranges
                0x00000000000001e8       0x20 pipe.o
 .debug_aranges
                0x0000000000000208       0x20 proc.o
 .debug_aranges
                0x0000000000000228       0x20 sleeplock.o
 .debug_aranges
                0x0000000000000248       0x20 spinlock.o
 .debug_aranges
                0x0000000000000268       0x20 string.o
 .debug_aranges
                0x0000000000000288       0x20 swtch.o
 .debug_aranges
                0x00000000000002a8       0x20 syscall.o
 .debug_aranges
                0x00000000000002c8       0x20 sysfile.o
 .debug_aranges
                0x00000000000002e8       0x20 sysproc.o
 .debug_aranges
                0x0000000000000308       0x20 trapasm.o
 .debug_aranges
                0x0000000000000328       0x20 trap.o
 .debug_aranges
                0x0000000000000348       0x20 uart.o
 .debug_aranges
                0x0000000000000368       0x20 vectors.o
 .debug_aranges
                0x0000000000000388       0x28 vm.o

.debug_str      0x0000000000000000      0xdf4
 .debug_str     0x0000000000000000       0x40 entry.o
 .debug_str     0x0000000000000040      0x17d bio.o
                                        0x1ae (size before relaxing)
 .debug_str     0x00000000000001bd      0x29f console.o
                                        0x433 (size before relaxing)
 .debug_str     0x000000000000045c      0x11a exec.o
                                        0x30d (size before relaxing)
 .debug_str     0x0000000000000576       0x77 file.o
                                        0x236 (size before relaxing)
 .debug_str     0x00000000000005ed       0xec fs.o
                                        0x4d9 (size before relaxing)
 .debug_str     0x00000000000006d9       0x80 ide.o
                                        0x3a0 (size before relaxing)
 .debug_str     0x0000000000000759       0x3a ioapic.o
                                        0x12c (size before relaxing)
 .debug_str     0x0000000000000793       0x48 kalloc.o
                                        0x158 (size before relaxing)
 .debug_str     0x00000000000007db       0x4e kbd.o
                                        0x137 (size before relaxing)
 .debug_str     0x0000000000000829       0x89 lapic.o
                                        0x187 (size before relaxing)
 .debug_str     0x00000000000008b2       0x85 log.o
                                        0x26d (size before relaxing)
 .debug_str     0x0000000000000937       0xbe main.o
                                        0x3c2 (size before relaxing)
 .debug_str     0x00000000000009f5       0xa8 mp.o
                                        0x38b (size before relaxing)
 .debug_str     0x0000000000000a9d       0xe5 picirq.o
 .debug_str     0x0000000000000a9d       0x2a pipe.o
                                        0x386 (size before relaxing)
 .debug_str     0x0000000000000ac7       0xdb proc.o
                                        0x488 (size before relaxing)
 .debug_str     0x0000000000000ba2      0x2ee sleeplock.o
 .debug_str     0x0000000000000ba2      0x2f3 spinlock.o
 .debug_str     0x0000000000000ba2       0x13 string.o
                                        0x126 (size before relaxing)
 .debug_str     0x0000000000000bb5        0x8 swtch.o
                                         0x40 (size before relaxing)
 .debug_str     0x0000000000000bbd      0x11d syscall.o
                                        0x2f8 (size before relaxing)
 .debug_str     0x0000000000000cda       0x31 sysfile.o
                                        0x4aa (size before relaxing)
 .debug_str     0x0000000000000d0b       0x18 sysproc.o
                                        0x2ab (size before relaxing)
 .debug_str     0x0000000000000d23        0xa trapasm.o
                                         0x42 (size before relaxing)
 .debug_str     0x0000000000000d2d       0x41 trap.o
                                        0x34e (size before relaxing)
 .debug_str     0x0000000000000d6e        0xe uart.o
                                        0x139 (size before relaxing)
 .debug_str     0x0000000000000d7c        0xa vectors.o
                                         0x42 (size before relaxing)
 .debug_str     0x0000000000000d86       0x6e vm.o
                                        0x3ea (size before relaxing)

.debug_loclists
                0x0000000000000000     0x546c
 .debug_loclists
                0x0000000000000000       0xe5 bio.o
 .debug_loclists
                0x00000000000000e5      0x7a2 console.o
 .debug_loclists
                0x0000000000000887      0x241 exec.o
 .debug_loclists
                0x0000000000000ac8      0x359 file.o
 .debug_loclists
                0x0000000000000e21      0xd1e fs.o
 .debug_loclists
                0x0000000000001b3f      0x2c4 ide.o
 .debug_loclists
                0x0000000000001e03       0xbf ioapic.o
 .debug_loclists
                0x0000000000001ec2      0x1a9 kalloc.o
 .debug_loclists
                0x000000000000206b       0x65 kbd.o
 .debug_loclists
                0x00000000000020d0      0x59e lapic.o
 .debug_loclists
                0x000000000000266e      0x163 log.o
 .debug_loclists
                0x00000000000027d1       0x66 main.o
 .debug_loclists
                0x0000000000002837      0x2f8 mp.o
 .debug_loclists
                0x0000000000002b2f       0x34 picirq.o
 .debug_loclists
                0x0000000000002b63      0x177 pipe.o
 .debug_loclists
                0x0000000000002cda      0x493 proc.o
 .debug_loclists
                0x000000000000316d       0x45 sleeplock.o
 .debug_loclists
                0x00000000000031b2      0x172 spinlock.o
 .debug_loclists
                0x0000000000003324      0x444 string.o
 .debug_loclists
                0x0000000000003768      0x1bf syscall.o
 .debug_loclists
                0x0000000000003927      0x55a sysfile.o
 .debug_loclists
                0x0000000000003e81       0x3c sysproc.o
 .debug_loclists
                0x0000000000003ebd       0x4c trap.o
 .debug_loclists
                0x0000000000003f09      0x1cd uart.o
 .debug_loclists
                0x00000000000040d6     0x1396 vm.o

.debug_rnglists
                0x0000000000000000      0x866
 .debug_rnglists
                0x0000000000000000       0x17 bio.o
 .debug_rnglists
                0x0000000000000017       0x94 console.o
 .debug_rnglists
                0x00000000000000ab       0x17 file.o
 .debug_rnglists
                0x00000000000000c2       0xb8 fs.o
 .debug_rnglists
                0x000000000000017a       0x69 ide.o
 .debug_rnglists
                0x00000000000001e3       0x4f ioapic.o
 .debug_rnglists
                0x0000000000000232       0x27 kalloc.o
 .debug_rnglists
                0x0000000000000259       0x16 kbd.o
 .debug_rnglists
                0x000000000000026f      0x21d lapic.o
 .debug_rnglists
                0x000000000000048c       0x40 log.o
 .debug_rnglists
                0x00000000000004cc       0x1a main.o
 .debug_rnglists
                0x00000000000004e6       0x37 mp.o
 .debug_rnglists
                0x000000000000051d       0x6f proc.o
 .debug_rnglists
                0x000000000000058c       0x53 spinlock.o
 .debug_rnglists
                0x00000000000005df       0x13 string.o
 .debug_rnglists
                0x00000000000005f2       0x32 syscall.o
 .debug_rnglists
                0x0000000000000624       0x9d sysfile.o
 .debug_rnglists
                0x00000000000006c1       0x1c trap.o
 .debug_rnglists
                0x00000000000006dd       0x53 uart.o
 .debug_rnglists
                0x0000000000000730      0x136 vm.o

.debug_line_str
                0x0000000000000000      0x146
 .debug_line_str
                0x0000000000000000       0x5e bio.o
                                         0x96 (size before relaxing)
 .debug_line_str
                0x000000000000005e       0x24 console.o
                                         0xb6 (size before relaxing)
 .debug_line_str
                0x0000000000000082        0xd exec.o
                                         0x8f (size before relaxing)
 .debug_line_str
                0x000000000000008f        0xd file.o
                                         0x9a (size before relaxing)
 .debug_line_str
                0x000000000000008f        0xc fs.o
                                         0xb3 (size before relaxing)
 .debug_line_str
                0x000000000000009b        0x6 ide.o
                                         0xa9 (size before relaxing)
 .debug_line_str
                0x00000000000000a1        0x9 ioapic.o
                                         0x82 (size before relaxing)
 .debug_line_str
                0x00000000000000aa        0x9 kalloc.o
                                         0x8d (size before relaxing)
 .debug_line_str
                0x00000000000000b3        0xc kbd.o
                                         0x85 (size before relaxing)
 .debug_line_str
                0x00000000000000bf        0xf lapic.o
                                         0x8c (size before relaxing)
 .debug_line_str
                0x00000000000000ce        0x6 log.o
                                         0x9b (size before relaxing)
 .debug_line_str
                0x00000000000000d4        0x7 main.o
                                         0x8f (size before relaxing)
 .debug_line_str
                0x00000000000000db        0xa mp.o
                                         0x8e (size before relaxing)
 .debug_line_str
                0x00000000000000e5        0x9 picirq.o
                                         0x81 (size before relaxing)
 .debug_line_str
                0x00000000000000ee        0x7 pipe.o
                                         0xa7 (size before relaxing)
 .debug_line_str
                0x00000000000000f5        0x7 proc.o
                                         0x9a (size before relaxing)
 .debug_line_str
                0x00000000000000f5        0xc sleeplock.o
                                         0xb5 (size before relaxing)
 .debug_line_str
                0x0000000000000101        0xb spinlock.o
                                         0xa6 (size before relaxing)
 .debug_line_str
                0x000000000000010c        0x9 string.o
                                         0x81 (size before relaxing)
 .debug_line_str
                0x0000000000000115        0xa syscall.o
                                         0x92 (size before relaxing)
 .debug_line_str
                0x000000000000011f        0xa sysfile.o
                                         0xbc (size before relaxing)
 .debug_line_str
                0x0000000000000129        0xa sysproc.o
                                         0x92 (size before relaxing)
 .debug_line_str
                0x0000000000000133        0x7 trap.o
                                         0x9a (size before relaxing)
 .debug_line_str
                0x000000000000013a        0x7 uart.o
                                         0x82 (size before relaxing)
 .debug_line_str
                0x0000000000000141        0x5 vm.o
                                         0x89 (size before relaxing)

.comment        0x0000000000000000       0x12
 .comment       0x0000000000000000       0x12 bio.o
                                         0x13 (size before relaxing)
 .comment       0x0000000000000012       0x13 console.o
 .comment       0x0000000000000012       0x13 exec.o
 .comment       0x0000000000000012       0x13 file.o
 .comment       0x0000000000000012       0x13 fs.o
 .comment       0x0000000000000012       0x13 ide.o
 .comment       0x0000000000000012       0x13 ioapic.o
 .comment       0x0000000000000012       0x13 kalloc.o
 .comment       0x0000000000000012       0x13 kbd.o
 .comment       0x0000000000000012       0x13 lapic.o
 .comment       0x0000000000000012       0x13 log.o
 .comment       0x0000000000000012       0x13 main.o
 .comment       0x0000000000000012       0x13 mp.o
 .comment       0x0000000000000012       0x13 picirq.o
 .comment       0x0000000000000012       0x13 pipe.o
 .comment       0x0000000000000012       0x13 proc.o
 .comment       0x0000000000000012       0x13 sleeplock.o
 .comment       0x0000000000000012       0x13 spinlock.o
 .comment       0x0000000000000012       0x13 string.o
 .comment       0x0000000000000012       0x13 syscall.o
 .comment       0x0000000000000012       0x13 sysfile.o
 .comment       0x0000000000000012       0x13 sysproc.o
 .comment       0x0000000000000012       0x13 trap.o
 .comment       0x0000000000000012       0x13 uart.o
 .comment       0x0000000000000012       0x13 vm.o

.debug_frame    0x0000000000000000     0x1ec4
 .debug_frame   0x0000000000000000       0xc4 bio.o
 .debug_frame   0x00000000000000c4      0x18c console.o
 .debug_frame   0x0000000000000250       0x44 exec.o
 .debug_frame   0x0000000000000294      0x180 file.o
 .debug_frame   0x0000000000000414      0x41c fs.o
 .debug_frame   0x0000000000000830       0xc4 ide.o
 .debug_frame   0x00000000000008f4       0x5c ioapic.o
 .debug_frame   0x0000000000000950       0xdc kalloc.o
 .debug_frame   0x0000000000000a2c       0x74 kbd.o
 .debug_frame   0x0000000000000aa0       0xa4 lapic.o
 .debug_frame   0x0000000000000b44      0x110 log.o
 .debug_frame   0x0000000000000c54       0x70 main.o
 .debug_frame   0x0000000000000cc4       0x80 mp.o
 .debug_frame   0x0000000000000d44       0x24 picirq.o
 .debug_frame   0x0000000000000d68       0xf4 pipe.o
 .debug_frame   0x0000000000000e5c      0x2f8 proc.o
 .debug_frame   0x0000000000001154       0xb8 sleeplock.o
 .debug_frame   0x000000000000120c      0x138 spinlock.o
 .debug_frame   0x0000000000001344      0x168 string.o
 .debug_frame   0x00000000000014ac      0x11c syscall.o
 .debug_frame   0x00000000000015c8      0x2c8 sysfile.o
 .debug_frame   0x0000000000001890      0x164 sysproc.o
 .debug_frame   0x00000000000019f4       0x94 trap.o
 .debug_frame   0x0000000000001a88       0x98 uart.o
 .debug_frame   0x0000000000001b20      0x3a4 vm.o
